/home/praveenrajrs/Desktop/IoT_Bin/Firmwares/STM32_IoT_Bin_UART/Third_Party/CMSIS/Include/core_cm4.h:1684:22:__NVIC_EnableIRQ	16	static,ignoring_inline_asm
../Src/main.c:52:6:PIR_EXTI0_Init	8	static
../Src/main.c:69:6:EXTI0_IRQHandler	4	static
../Src/main.c:79:6:Servo_Open	24	static
../Src/main.c:88:6:Servo_Close	24	static
../Src/main.c:98:9:UART1_ReadCommand	24	static
../Src/main.c:131:13:Measure_UserDistance	16	static
../Src/main.c:145:6:Bin_Operate	64	static
../Src/main.c:164:6:Process_Command	16	static
../Src/main.c:180:5:main	16	static
