/home/praveenrajrs/Desktop/IoT_Bin/Firmwares/STM32_IoT_Bin_v1/Third_Party/CMSIS/Include/core_cm4.h:1684:22:__NVIC_EnableIRQ	16	static,ignoring_inline_asm
../Src/main.c:57:6:PIR_EXTI0_Init	8	static
../Src/main.c:75:6:EXTI0_IRQHandler	4	static
../Src/main.c:89:9:UART_ReadCommand	24	static
../Src/main.c:125:9:ESP_WaitResponse	24	static
../Src/main.c:145:13:Measure_UserDistance	16	static
../Src/main.c:159:13:Servo_Open	24	static
../Src/main.c:168:13:Servo_Close	24	static
../Src/main.c:188:6:Bin_Operate	64	static
../Src/main.c:217:5:main	48	static
